16:00:10 **** Auto Build of configuration Debug for project user_sti_bsp_xiicps_polled_master_example_2 ****
make pre-build main-build 
a9-linaro-pre-build-step
' '
'Building file: ../src/xiicps_polled_master_example.c'
'Invoking: ARM v7 gcc compiler'
arm-none-eabi-gcc -Wall -O0 -g3 -c -fmessage-length=0 -MT"src/xiicps_polled_master_example.o" -mcpu=cortex-a9 -mfpu=vfpv3 -mfloat-abi=hard -I../../user_sti_bsp/ps7_cortexa9_0/include -MMD -MP -MF"src/xiicps_polled_master_example.d" -MT"src/xiicps_polled_master_example.o" -o "src/xiicps_polled_master_example.o" "../src/xiicps_polled_master_example.c"
'Finished building: ../src/xiicps_polled_master_example.c'
' '
'Building target: user_sti_bsp_xiicps_polled_master_example_2.elf'
'Invoking: ARM v7 gcc linker'
arm-none-eabi-gcc -mcpu=cortex-a9 -mfpu=vfpv3 -mfloat-abi=hard -Wl,-build-id=none -specs=Xilinx.spec -Wl,-T -Wl,../src/lscript.ld -L../../user_sti_bsp/ps7_cortexa9_0/lib -o "user_sti_bsp_xiicps_polled_master_example_2.elf"  ./src/xiicps_polled_master_example.o   -Wl,--start-group,-lxil,-lgcc,-lc,--end-group -Wl,--start-group,-lxilffs,-lxil,-lgcc,-lc,--end-group
'Finished building target: user_sti_bsp_xiicps_polled_master_example_2.elf'
' '
'Invoking: ARM v7 Print Size'
arm-none-eabi-size user_sti_bsp_xiicps_polled_master_example_2.elf  |tee "user_sti_bsp_xiicps_polled_master_example_2.elf.size"
   text	   data	    bss	    dec	    hex	filename
  28348	   1160	  22904	  52412	   ccbc	user_sti_bsp_xiicps_polled_master_example_2.elf
'Finished building: user_sti_bsp_xiicps_polled_master_example_2.elf.size'
' '

16:00:10 Build Finished (took 736ms)

