14:49:10 **** Build of configuration Debug for project user_sti_bsp_xadcps_intr_example_1 ****
make pre-build main-build 
a9-linaro-pre-build-step
' '
'Building file: ../src/xadcps_intr_example.c'
'Invoking: ARM v7 gcc compiler'
arm-none-eabi-gcc -Wall -O0 -g3 -c -fmessage-length=0 -MT"src/xadcps_intr_example.o" -mcpu=cortex-a9 -mfpu=vfpv3 -mfloat-abi=hard -I../../user_sti_bsp/ps7_cortexa9_0/include -MMD -MP -MF"src/xadcps_intr_example.d" -MT"src/xadcps_intr_example.o" -o "src/xadcps_intr_example.o" "../src/xadcps_intr_example.c"
'Finished building: ../src/xadcps_intr_example.c'
' '
'Building target: user_sti_bsp_xadcps_intr_example_1.elf'
'Invoking: ARM v7 gcc linker'
arm-none-eabi-gcc -mcpu=cortex-a9 -mfpu=vfpv3 -mfloat-abi=hard -Wl,-build-id=none -specs=Xilinx.spec -Wl,-T -Wl,../src/lscript.ld -L../../user_sti_bsp/ps7_cortexa9_0/lib -o "user_sti_bsp_xadcps_intr_example_1.elf"  ./src/xadcps_intr_example.o   -Wl,--start-group,-lxil,-lgcc,-lc,--end-group -Wl,--start-group,-lxilffs,-lxil,-lgcc,-lc,--end-group
'Finished building target: user_sti_bsp_xadcps_intr_example_1.elf'
' '
'Invoking: ARM v7 Print Size'
arm-none-eabi-size user_sti_bsp_xadcps_intr_example_1.elf  |tee "user_sti_bsp_xadcps_intr_example_1.elf.size"
   text	   data	    bss	    dec	    hex	filename
  34344	   1928	  22616	  58888	   e608	user_sti_bsp_xadcps_intr_example_1.elf
'Finished building: user_sti_bsp_xadcps_intr_example_1.elf.size'
' '

14:49:10 Build Finished (took 737ms)

